../Core/Src/main.c:121:9:reverseBits	0	static
../Core/Src/main.c:138:9:read165_LSBFIRST_phase	16	static
../Core/Src/main.c:155:6:sendCmd	24	static
../Core/Src/main.c:168:6:startTone	16	static
../Core/Src/main.c:195:6:stopTone	8	static
../Core/Src/main.c:201:6:startBeep	8	static
../Core/Src/main.c:205:6:handleBeep	8	static
../Core/Src/main.c:212:6:processButton	40	static
../Core/Src/main.c:235:6:processCombo	32	static
../Core/Src/main.c:392:6:SystemClock_Config	104	static,ignoring_inline_asm
../Core/Src/main.c:268:5:main	96	static,ignoring_inline_asm
../Core/Src/main.c:534:6:Error_Handler	0	static,ignoring_inline_asm
