../Core/Src/main.c:123:9:reverseBits	0	static
../Core/Src/main.c:140:9:read165_LSBFIRST_phase	16	static
../Core/Src/main.c:157:6:sendCmd	24	static
../Core/Src/main.c:170:6:startTone	16	static
../Core/Src/main.c:197:6:stopTone	8	static
../Core/Src/main.c:203:6:startBeep	8	static
../Core/Src/main.c:207:6:handleBeep	8	static
../Core/Src/main.c:214:6:processButton	40	static
../Core/Src/main.c:237:6:processCombo	32	static
../Core/Src/main.c:379:6:SystemClock_Config	104	static,ignoring_inline_asm
../Core/Src/main.c:271:5:main	88	static,ignoring_inline_asm
../Core/Src/main.c:521:6:Error_Handler	0	static,ignoring_inline_asm
