15:20:30 **** Incremental Build of configuration Release for project F042K6_CustomHID_ButtonMatrix_2way ****
make -j16 all 
arm-none-eabi-gcc "../Core/Src/main.c" -mcpu=cortex-m0 -std=gnu11 -DUSE_HAL_DRIVER -DSTM32F042x6 -c -I../Core/Inc -I../Drivers/STM32F0xx_HAL_Driver/Inc -I../Drivers/STM32F0xx_HAL_Driver/Inc/Legacy -I../Drivers/CMSIS/Device/ST/STM32F0xx/Include -I../Drivers/CMSIS/Include -I../USB_DEVICE/App -I../USB_DEVICE/Target -I../Middlewares/ST/STM32_USB_Device_Library/Core/Inc -I../Middlewares/ST/STM32_USB_Device_Library/Class/CustomHID/Inc -Os -ffunction-sections -fdata-sections -Wall -fstack-usage -fcyclomatic-complexity -MMD -MP -MF"Core/Src/main.d" -MT"Core/Src/main.o" --specs=nano.specs -mfloat-abi=soft -mthumb -o "Core/Src/main.o"
../Core/Src/main.c: In function 'sendCmd':
../Core/Src/main.c:166:5: warning: implicit declaration of function 'USBD_CUSTOM_HID_SendReport' [-Wimplicit-function-declaration]
  166 |     USBD_CUSTOM_HID_SendReport(&hUsbDeviceFS, tx_buffer, 64);
      |     ^~~~~~~~~~~~~~~~~~~~~~~~~~
arm-none-eabi-gcc -o "F042K6_CustomHID_ButtonMatrix_2way.elf" @"objects.list"   -mcpu=cortex-m0 -T"C:\Users\sgupt\STM32CubeIDE\workspace_1.19.0\F042K6_CustomHID_ButtonMatrix_2way\STM32F042K6TX_FLASH.ld" --specs=nosys.specs -Wl,-Map="F042K6_CustomHID_ButtonMatrix_2way.map" -Wl,--gc-sections -static --specs=nano.specs -mfloat-abi=soft -mthumb -Wl,--start-group -lc -lm -Wl,--end-group
Finished building target: F042K6_CustomHID_ButtonMatrix_2way.elf
 
arm-none-eabi-size  F042K6_CustomHID_ButtonMatrix_2way.elf 
arm-none-eabi-objdump -h -S F042K6_CustomHID_ButtonMatrix_2way.elf  > "F042K6_CustomHID_ButtonMatrix_2way.list"
   text	   data	    bss	    dec	    hex	filename
  18040	    564	   4164	  22768	   58f0	F042K6_CustomHID_ButtonMatrix_2way.elf
Finished building: default.size.stdout
 
Finished building: F042K6_CustomHID_ButtonMatrix_2way.list
 

15:20:32 Build Finished. 0 errors, 1 warnings. (took 1s.623ms)

